Warning: You are sending unauthenticated requests to the HF Hub. Please set a HF_TOKEN to enable higher rate limits and faster downloads.
======================================================================
GLM-ASR Detailed Operator Profiling
======================================================================

Loading test audio...
Audio: 3.50s @ 16000Hz

Loading model from glm_asr_triton_template...
Attention mode: three_kernel
Loading HuggingFace model: zai-org/GLM-ASR-Nano-2512
Creating Triton model with config:
  Audio: hidden=1280, heads=20, layers=32
  Text: hidden=2048, heads=16, kv_heads=4, layers=28
Loading HuggingFace weights...
Loading weights:   0%|          | 0/745 [00:00<?, ?it/s]Loading weights:  11%|█▏        | 85/745 [00:00<00:00, 848.63it/s]Loading weights:  23%|██▎       | 170/745 [00:00<00:00, 677.91it/s]Loading weights:  32%|███▏      | 240/745 [00:00<00:00, 607.50it/s]Loading weights:  41%|████      | 303/745 [00:00<00:00, 610.67it/s]Loading weights:  49%|████▉     | 365/745 [00:00<00:00, 579.00it/s]Loading weights:  57%|█████▋    | 424/745 [00:00<00:00, 542.02it/s]Loading weights:  64%|██████▍   | 479/745 [00:00<00:00, 542.03it/s]Loading weights:  72%|███████▏  | 534/745 [00:01<00:01, 207.16it/s]Loading weights:  77%|███████▋  | 574/745 [00:01<00:00, 177.81it/s]Loading weights:  81%|████████▏ | 606/745 [00:02<00:00, 174.42it/s]Loading weights:  85%|████████▍ | 633/745 [00:02<00:00, 166.74it/s]Loading weights:  88%|████████▊ | 656/745 [00:02<00:00, 156.09it/s]Loading weights:  91%|█████████ | 676/745 [00:02<00:00, 152.83it/s]Loading weights:  93%|█████████▎| 694/745 [00:02<00:00, 146.51it/s]Loading weights:  95%|█████████▌| 711/745 [00:02<00:00, 146.69it/s]Loading weights:  98%|█████████▊| 727/745 [00:02<00:00, 144.08it/s]Loading weights: 100%|█████████▉| 743/745 [00:03<00:00, 147.57it/s]Loading weights: 100%|██████████| 745/745 [00:03<00:00, 248.04it/s]
Loading audio encoder weights...
Loading multi-modal projector weights...
Loading text decoder weights...
Weight loading complete!

Benchmark configuration: 5 timed runs per component, 1 warmup benchmark passes, 3 measured benchmark passes
Input features shape: torch.Size([1, 128, 3000])
Input IDs shape: torch.Size([1, 59])

======================================================================
BENCHMARK PASS 1/4 (warmup, discarded)
======================================================================

======================================================================
DETAILED OPERATOR PROFILING (TORCH)
======================================================================

[1/4] Profiling Audio Encoder...
  Audio Encoder: 238.59ms (+/- 404.69ms)

[2/4] Profiling Multi-modal Projector...
  Projector: 4.97ms (+/- 9.62ms)

[3/4] Profiling Text Decoder (Prefill)...
  Decoder Prefill: 198.86ms (+/- 371.65ms)

[4/4] Profiling Decode Steps...
  Decode Step (avg): 14.49ms (+/- 8.61ms)

[5] Profiling Individual Decoder Layers...
  Layer 0: 0.59ms (+/- 0.12ms)
  Layer 1: 0.48ms (+/- 0.02ms)
  Layer 2: 0.48ms (+/- 0.03ms)
  Layer 3: 0.47ms (+/- 0.02ms)
  Layer 4: 0.48ms (+/- 0.02ms)

======================================================================
BENCHMARK PASS 2/4 (measured 1/3)
======================================================================

======================================================================
DETAILED OPERATOR PROFILING (TORCH)
======================================================================

[1/4] Profiling Audio Encoder...
  Audio Encoder: 36.39ms (+/- 0.22ms)

[2/4] Profiling Multi-modal Projector...
  Projector: 0.17ms (+/- 0.05ms)

[3/4] Profiling Text Decoder (Prefill)...
  Decoder Prefill: 13.50ms (+/- 0.53ms)

[4/4] Profiling Decode Steps...
  Decode Step (avg): 12.22ms (+/- 0.16ms)

[5] Profiling Individual Decoder Layers...
  Layer 0: 0.51ms (+/- 0.04ms)
  Layer 1: 0.49ms (+/- 0.02ms)
  Layer 2: 0.47ms (+/- 0.01ms)
  Layer 3: 0.49ms (+/- 0.02ms)
  Layer 4: 0.49ms (+/- 0.03ms)

======================================================================
BENCHMARK PASS 3/4 (measured 2/3)
======================================================================

======================================================================
DETAILED OPERATOR PROFILING (TORCH)
======================================================================

[1/4] Profiling Audio Encoder...
  Audio Encoder: 36.31ms (+/- 0.04ms)

[2/4] Profiling Multi-modal Projector...
  Projector: 0.14ms (+/- 0.02ms)

[3/4] Profiling Text Decoder (Prefill)...
  Decoder Prefill: 12.93ms (+/- 0.11ms)

[4/4] Profiling Decode Steps...
  Decode Step (avg): 11.54ms (+/- 0.06ms)

[5] Profiling Individual Decoder Layers...
  Layer 0: 0.49ms (+/- 0.04ms)
  Layer 1: 0.48ms (+/- 0.02ms)
  Layer 2: 0.47ms (+/- 0.01ms)
  Layer 3: 0.48ms (+/- 0.02ms)
  Layer 4: 0.47ms (+/- 0.01ms)

======================================================================
BENCHMARK PASS 4/4 (measured 3/3)
======================================================================

======================================================================
DETAILED OPERATOR PROFILING (TORCH)
======================================================================

[1/4] Profiling Audio Encoder...
  Audio Encoder: 36.30ms (+/- 0.04ms)

[2/4] Profiling Multi-modal Projector...
  Projector: 0.15ms (+/- 0.04ms)

[3/4] Profiling Text Decoder (Prefill)...
  Decoder Prefill: 13.69ms (+/- 0.24ms)

[4/4] Profiling Decode Steps...
  Decode Step (avg): 12.34ms (+/- 0.21ms)

[5] Profiling Individual Decoder Layers...
  Layer 0: 0.52ms (+/- 0.05ms)
  Layer 1: 0.50ms (+/- 0.01ms)
  Layer 2: 0.47ms (+/- 0.01ms)
  Layer 3: 0.50ms (+/- 0.04ms)
  Layer 4: 0.49ms (+/- 0.02ms)

======================================================================
AGGREGATED PERFORMANCE SUMMARY (3 measured benchmarks, 1 warmup discarded)
======================================================================

Component                              Time (ms)   % of Total
------------------------------------------------------------
Audio Encoder                            36.33ms        5.6%
Multi-modal Projector                     0.15ms        0.0%
Decoder (Prefill)                        13.37ms        2.1%
Decoder (50 decode steps)               601.65ms       92.3%
------------------------------------------------------------
TOTAL (estimated for 50 tokens)         651.51ms
