=== Ablation Test Starting ===
Date: Thu 19 Mar 02:43:50 GMT 2026
Hostname: saxa.inf.ed.ac.uk
Job ID: 2228602
GPU: NVIDIA H200
PyTorch 2.10.0+cu130, GPU: NVIDIA H200 MIG 3g.71gb

======================================================================
GLM-ASR ABLATION TESTING — H200 MIG 3g.71gb
======================================================================
Traceback (most recent call last):
  File "/home/s2884198/edin-mls-26-spring/hw1-asr/ablation_test.py", line 562, in <module>
    main()
  File "/home/s2884198/edin-mls-26-spring/hw1-asr/ablation_test.py", line 357, in main
    gpu_info = get_gpu_info()
               ^^^^^^^^^^^^^^
  File "/home/s2884198/edin-mls-26-spring/hw1-asr/ablation_test.py", line 42, in get_gpu_info
    "vram_gb": round(props.total_mem / (1024**3), 1),
                     ^^^^^^^^^^^^^^^
AttributeError: 'torch._C._CudaDeviceProperties' object has no attribute 'total_mem'. Did you mean: 'total_memory'?

=== Ablation Test Complete ===
Date: Thu 19 Mar 02:44:41 GMT 2026
Results saved to: ablation_results.json, ablation_results.md
