Warning: You are sending unauthenticated requests to the HF Hub. Please set a HF_TOKEN to enable higher rate limits and faster downloads.
======================================================================
GLM-ASR Detailed Operator Profiling
======================================================================

Loading test audio...
Audio: 3.50s @ 16000Hz

Loading model from glm_asr_triton_template...
Attention mode: auto
Loading HuggingFace model: zai-org/GLM-ASR-Nano-2512
Creating Triton model with config:
  Audio: hidden=1280, heads=20, layers=32
  Text: hidden=2048, heads=16, kv_heads=4, layers=28
Loading HuggingFace weights...
Loading weights:   0%|          | 0/745 [00:00<?, ?it/s]Loading weights:  13%|█▎        | 94/745 [00:00<00:00, 873.58it/s]Loading weights:  24%|██▍       | 182/745 [00:00<00:00, 622.25it/s]Loading weights:  33%|███▎      | 249/745 [00:00<00:00, 612.59it/s]Loading weights:  42%|████▏     | 313/745 [00:00<00:00, 587.43it/s]Loading weights:  50%|█████     | 373/745 [00:00<00:00, 560.54it/s]Loading weights:  58%|█████▊    | 430/745 [00:00<00:00, 536.49it/s]Loading weights:  65%|██████▌   | 487/745 [00:01<00:01, 232.53it/s]Loading weights:  71%|███████   | 527/745 [00:01<00:00, 237.85it/s]Loading weights:  76%|███████▌  | 563/745 [00:01<00:00, 200.39it/s]Loading weights:  79%|███████▉  | 592/745 [00:01<00:00, 189.76it/s]Loading weights:  83%|████████▎ | 617/745 [00:02<00:00, 175.82it/s]Loading weights:  86%|████████▌ | 639/745 [00:02<00:00, 166.42it/s]Loading weights:  88%|████████▊ | 658/745 [00:02<00:00, 166.45it/s]Loading weights:  91%|█████████ | 677/745 [00:02<00:00, 163.00it/s]Loading weights:  93%|█████████▎| 695/745 [00:02<00:00, 158.82it/s]Loading weights:  96%|█████████▌| 712/745 [00:02<00:00, 148.89it/s]Loading weights:  98%|█████████▊| 728/745 [00:02<00:00, 142.89it/s]Loading weights: 100%|██████████| 745/745 [00:02<00:00, 249.74it/s]
Loading audio encoder weights...
Loading multi-modal projector weights...
Loading text decoder weights...
Weight loading complete!

Benchmark configuration: 5 timed runs per component, 1 warmup benchmark passes, 3 measured benchmark passes
Input features shape: torch.Size([1, 128, 3000])
Input IDs shape: torch.Size([1, 59])

======================================================================
BENCHMARK PASS 1/4 (warmup, discarded)
======================================================================

======================================================================
DETAILED OPERATOR PROFILING (TORCH)
======================================================================

[1/4] Profiling Audio Encoder...
  Audio Encoder: 252.27ms (+/- 432.28ms)

[2/4] Profiling Multi-modal Projector...
  Projector: 5.02ms (+/- 9.70ms)

[3/4] Profiling Text Decoder (Prefill)...
  Decoder Prefill: 195.41ms (+/- 364.85ms)

[4/4] Profiling Decode Steps...
  Decode Step (avg): 25.93ms (+/- 37.66ms)

[5] Profiling Individual Decoder Layers...
  Layer 0: 0.59ms (+/- 0.12ms)
  Layer 1: 0.48ms (+/- 0.02ms)
  Layer 2: 0.48ms (+/- 0.02ms)
  Layer 3: 0.47ms (+/- 0.02ms)
  Layer 4: 0.46ms (+/- 0.01ms)

======================================================================
BENCHMARK PASS 2/4 (measured 1/3)
======================================================================

======================================================================
DETAILED OPERATOR PROFILING (TORCH)
======================================================================

[1/4] Profiling Audio Encoder...
  Audio Encoder: 36.27ms (+/- 0.23ms)

[2/4] Profiling Multi-modal Projector...
  Projector: 0.14ms (+/- 0.03ms)

[3/4] Profiling Text Decoder (Prefill)...
  Decoder Prefill: 12.85ms (+/- 0.11ms)

[4/4] Profiling Decode Steps...
  Decode Step (avg): 11.54ms (+/- 0.11ms)

[5] Profiling Individual Decoder Layers...
  Layer 0: 0.50ms (+/- 0.05ms)
  Layer 1: 0.47ms (+/- 0.01ms)
  Layer 2: 0.46ms (+/- 0.01ms)
  Layer 3: 0.47ms (+/- 0.01ms)
  Layer 4: 0.47ms (+/- 0.02ms)

======================================================================
BENCHMARK PASS 3/4 (measured 2/3)
======================================================================

======================================================================
DETAILED OPERATOR PROFILING (TORCH)
======================================================================

[1/4] Profiling Audio Encoder...
  Audio Encoder: 36.17ms (+/- 0.04ms)

[2/4] Profiling Multi-modal Projector...
  Projector: 0.14ms (+/- 0.02ms)

[3/4] Profiling Text Decoder (Prefill)...
  Decoder Prefill: 12.84ms (+/- 0.10ms)

[4/4] Profiling Decode Steps...
  Decode Step (avg): 11.48ms (+/- 0.08ms)

[5] Profiling Individual Decoder Layers...
  Layer 0: 0.50ms (+/- 0.05ms)
  Layer 1: 0.48ms (+/- 0.02ms)
  Layer 2: 0.47ms (+/- 0.01ms)
  Layer 3: 0.47ms (+/- 0.02ms)
  Layer 4: 0.46ms (+/- 0.01ms)

======================================================================
BENCHMARK PASS 4/4 (measured 3/3)
======================================================================

======================================================================
DETAILED OPERATOR PROFILING (TORCH)
======================================================================

[1/4] Profiling Audio Encoder...
  Audio Encoder: 36.12ms (+/- 0.02ms)

[2/4] Profiling Multi-modal Projector...
  Projector: 0.14ms (+/- 0.03ms)

[3/4] Profiling Text Decoder (Prefill)...
  Decoder Prefill: 12.78ms (+/- 0.12ms)

[4/4] Profiling Decode Steps...
  Decode Step (avg): 11.53ms (+/- 0.07ms)

[5] Profiling Individual Decoder Layers...
  Layer 0: 0.49ms (+/- 0.05ms)
  Layer 1: 0.48ms (+/- 0.03ms)
  Layer 2: 0.46ms (+/- 0.02ms)
  Layer 3: 0.48ms (+/- 0.03ms)
  Layer 4: 0.48ms (+/- 0.02ms)

======================================================================
AGGREGATED PERFORMANCE SUMMARY (3 measured benchmarks, 1 warmup discarded)
======================================================================

Component                              Time (ms)   % of Total
------------------------------------------------------------
Audio Encoder                            36.19ms        5.8%
Multi-modal Projector                     0.14ms        0.0%
Decoder (Prefill)                        12.82ms        2.1%
Decoder (50 decode steps)               575.89ms       92.1%
------------------------------------------------------------
TOTAL (estimated for 50 tokens)         625.04ms
