Warning: You are sending unauthenticated requests to the HF Hub. Please set a HF_TOKEN to enable higher rate limits and faster downloads.
======================================================================
GLM-ASR Student Version Benchmark
======================================================================

Loading test audio...
Loaded audio from edin-mls-26-spring/hw1-asr/test_audio.wav
Audio duration: 3.50s
Expected: CONCORD RETURNED TO ITS PLACE AMIDST THE TENTS

======================================================================
Testing: glm_asr_triton_template
======================================================================

======================================================================
BENCHMARK PASS 1/4 (warmup, discarded)
======================================================================
Loading model from glm_asr_triton_template...
Attention mode: auto
Loading HuggingFace model: zai-org/GLM-ASR-Nano-2512
Creating Triton model with config:
  Audio: hidden=1280, heads=20, layers=32
  Text: hidden=2048, heads=16, kv_heads=4, layers=28
Loading HuggingFace weights...

Loading weights:   0%|          | 0/745 [00:00<?, ?it/s]
Loading weights:   1%|          | 4/745 [00:00<01:50,  6.69it/s]
Loading weights:   1%|          | 8/745 [00:00<01:16,  9.65it/s]
Loading weights:   3%|▎         | 23/745 [00:01<00:44, 16.22it/s]
Loading weights:   5%|▌         | 38/745 [00:02<00:36, 19.43it/s]
Loading weights:   7%|▋         | 53/745 [00:02<00:35, 19.67it/s]
Loading weights:   9%|▉         | 68/745 [00:03<00:32, 20.84it/s]
Loading weights:  11%|█         | 83/745 [00:04<00:32, 20.66it/s]
Loading weights:  13%|█▎        | 98/745 [00:05<00:30, 21.52it/s]
Loading weights:  15%|█▌        | 113/745 [00:05<00:30, 21.02it/s]
Loading weights:  17%|█▋        | 128/745 [00:06<00:28, 21.65it/s]
Loading weights:  19%|█▉        | 143/745 [00:07<00:28, 21.19it/s]
Loading weights:  21%|██        | 158/745 [00:07<00:27, 21.73it/s]
Loading weights:  23%|██▎       | 173/745 [00:08<00:26, 21.38it/s]
Loading weights:  25%|██▌       | 188/745 [00:09<00:25, 21.82it/s]
Loading weights:  27%|██▋       | 203/745 [00:09<00:25, 21.47it/s]
Loading weights:  29%|██▉       | 218/745 [00:10<00:24, 21.82it/s]
Loading weights:  31%|███▏      | 233/745 [00:11<00:23, 21.45it/s]
Loading weights:  33%|███▎      | 248/745 [00:11<00:22, 21.84it/s]
Loading weights:  35%|███▌      | 263/745 [00:12<00:23, 20.85it/s]
Loading weights:  37%|███▋      | 278/745 [00:13<00:21, 21.39it/s]
Loading weights:  39%|███▉      | 293/745 [00:14<00:21, 21.06it/s]
Loading weights:  41%|████▏     | 308/745 [00:14<00:20, 21.83it/s]
Loading weights:  43%|████▎     | 323/745 [00:15<00:19, 21.22it/s]
Loading weights:  45%|████▌     | 338/745 [00:16<00:18, 21.79it/s]
Loading weights:  47%|████▋     | 353/745 [00:16<00:18, 21.31it/s]
Loading weights:  49%|████▉     | 368/745 [00:17<00:17, 21.79it/s]
Loading weights:  51%|█████▏    | 383/745 [00:18<00:16, 21.34it/s]
Loading weights:  53%|█████▎    | 398/745 [00:18<00:15, 21.73it/s]
Loading weights:  55%|█████▌    | 413/745 [00:19<00:15, 20.85it/s]
Loading weights:  57%|█████▋    | 428/745 [00:20<00:14, 21.22it/s]
Loading weights:  59%|█████▉    | 443/745 [00:21<00:14, 21.19it/s]
Loading weights:  61%|██████▏   | 458/745 [00:21<00:13, 21.64it/s]
Loading weights:  63%|██████▎   | 473/745 [00:22<00:12, 21.60it/s]
Loading weights:  65%|██████▌   | 487/745 [00:39<01:35,  2.70it/s]
Loading weights:  71%|███████   | 528/745 [00:39<00:37,  5.79it/s]
Loading weights:  72%|███████▏  | 535/745 [00:40<00:37,  5.64it/s]
Loading weights:  72%|███████▏  | 539/745 [00:40<00:33,  6.09it/s]
Loading weights:  73%|███████▎  | 544/745 [00:42<00:37,  5.38it/s]
Loading weights:  74%|███████▍  | 553/745 [00:44<00:35,  5.48it/s]
Loading weights:  75%|███████▍  | 556/745 [00:44<00:31,  5.91it/s]
Loading weights:  75%|███████▌  | 562/745 [00:45<00:34,  5.28it/s]
Loading weights:  76%|███████▌  | 564/745 [00:46<00:32,  5.52it/s]
Loading weights:  77%|███████▋  | 571/745 [00:47<00:32,  5.28it/s]
Loading weights:  77%|███████▋  | 573/745 [00:47<00:29,  5.78it/s]
Loading weights:  78%|███████▊  | 580/745 [00:49<00:32,  5.07it/s]
Loading weights:  79%|███████▉  | 589/745 [00:50<00:29,  5.33it/s]
Loading weights:  79%|███████▉  | 590/745 [00:50<00:29,  5.34it/s]
Loading weights:  80%|████████  | 598/745 [00:52<00:28,  5.24it/s]
Loading weights:  81%|████████  | 600/745 [00:52<00:25,  5.64it/s]
Loading weights:  81%|████████▏ | 607/745 [00:54<00:26,  5.17it/s]
Loading weights:  83%|████████▎ | 616/745 [00:55<00:24,  5.25it/s]
Loading weights:  83%|████████▎ | 618/745 [00:56<00:22,  5.69it/s]
Loading weights:  84%|████████▍ | 625/745 [00:57<00:22,  5.29it/s]
Loading weights:  84%|████████▍ | 626/745 [00:57<00:22,  5.36it/s]
Loading weights:  85%|████████▌ | 634/745 [00:59<00:21,  5.15it/s]
Loading weights:  85%|████████▌ | 636/745 [00:59<00:19,  5.60it/s]
Loading weights:  86%|████████▋ | 643/745 [01:01<00:19,  5.11it/s]
Loading weights:  87%|████████▋ | 645/745 [01:01<00:17,  5.65it/s]
Loading weights:  88%|████████▊ | 652/745 [01:02<00:18,  5.05it/s]
Loading weights:  89%|████████▊ | 660/745 [01:02<00:10,  8.12it/s]
Loading weights:  89%|████████▉ | 663/745 [01:04<00:16,  4.94it/s]
Loading weights:  90%|████████▉ | 670/745 [01:06<00:15,  4.82it/s]
Loading weights:  90%|█████████ | 672/745 [01:06<00:14,  5.21it/s]
Loading weights:  91%|█████████ | 679/745 [01:07<00:13,  4.92it/s]
Loading weights:  91%|█████████▏| 681/745 [01:07<00:11,  5.48it/s]
Loading weights:  92%|█████████▏| 688/745 [01:09<00:11,  4.93it/s]
Loading weights:  94%|█████████▎| 697/745 [01:11<00:09,  5.12it/s]
Loading weights:  94%|█████████▍| 699/745 [01:11<00:08,  5.49it/s]
Loading weights:  95%|█████████▍| 706/745 [01:12<00:07,  5.21it/s]
Loading weights:  95%|█████████▍| 707/745 [01:12<00:07,  5.36it/s]
Loading weights:  96%|█████████▌| 715/745 [01:14<00:05,  5.14it/s]
Loading weights:  96%|█████████▌| 717/745 [01:14<00:04,  5.72it/s]
Loading weights:  97%|█████████▋| 724/745 [01:16<00:04,  5.21it/s]
Loading weights:  97%|█████████▋| 725/745 [01:16<00:03,  5.39it/s]
Loading weights:  98%|█████████▊| 733/745 [01:17<00:02,  5.30it/s]
Loading weights:  99%|█████████▊| 735/745 [01:17<00:01,  5.76it/s]
Loading weights: 100%|█████████▉| 743/745 [01:20<00:00,  4.71it/s]
Loading weights: 100%|██████████| 745/745 [01:20<00:00,  9.30it/s]
Loading audio encoder weights...
Loading multi-modal projector weights...
Loading text decoder weights...
Weight loading complete!
Using generate function: _generate_v8b
Warmup (2 runs)...
Benchmarking (5 runs)...
  Run 1: 204.8ms (13 tokens)
  Run 2: 206.0ms (13 tokens)
  Run 3: 211.7ms (13 tokens)
  Run 4: 207.5ms (13 tokens)
  Run 5: 212.8ms (13 tokens)

======================================================================
BENCHMARK PASS 2/4 (measured 1/3)
======================================================================
Loading model from glm_asr_triton_template...
Attention mode: auto
Loading HuggingFace model: zai-org/GLM-ASR-Nano-2512
Creating Triton model with config:
  Audio: hidden=1280, heads=20, layers=32
  Text: hidden=2048, heads=16, kv_heads=4, layers=28
Loading HuggingFace weights...

Loading weights:   0%|          | 0/745 [00:00<?, ?it/s]
Loading weights:  15%|█▌        | 113/745 [00:00<00:00, 1001.61it/s]
Loading weights:  29%|██▊       | 214/745 [00:00<00:00, 701.46it/s] 
Loading weights:  39%|███▉      | 289/745 [00:00<00:00, 621.86it/s]
Loading weights:  48%|████▊     | 354/745 [00:00<00:00, 600.99it/s]
Loading weights:  56%|█████▌    | 416/745 [00:00<00:00, 559.18it/s]
Loading weights:  65%|██████▌   | 487/745 [00:01<00:01, 217.05it/s]
Loading weights:  72%|███████▏  | 537/745 [00:01<00:00, 250.70it/s]
Loading weights:  78%|███████▊  | 580/745 [00:01<00:00, 214.47it/s]
Loading weights:  82%|████████▏ | 614/745 [00:02<00:00, 194.68it/s]
Loading weights:  86%|████████▌ | 642/745 [00:02<00:00, 186.95it/s]
Loading weights:  90%|████████▉ | 667/745 [00:02<00:00, 168.67it/s]
Loading weights:  92%|█████████▏| 688/745 [00:02<00:00, 161.15it/s]
Loading weights:  95%|█████████▍| 707/745 [00:02<00:00, 153.00it/s]
Loading weights:  97%|█████████▋| 724/745 [00:02<00:00, 148.36it/s]
Loading weights: 100%|█████████▉| 743/745 [00:02<00:00, 155.35it/s]
Loading weights: 100%|██████████| 745/745 [00:02<00:00, 251.20it/s]
Loading audio encoder weights...
Loading multi-modal projector weights...
Loading text decoder weights...
Weight loading complete!
Using generate function: _generate_v8b
Warmup (2 runs)...
Benchmarking (5 runs)...
  Run 1: 210.1ms (13 tokens)
  Run 2: 210.3ms (13 tokens)
  Run 3: 212.2ms (13 tokens)
  Run 4: 209.0ms (13 tokens)
  Run 5: 209.2ms (13 tokens)

======================================================================
BENCHMARK PASS 3/4 (measured 2/3)
======================================================================
Loading model from glm_asr_triton_template...
Attention mode: auto
Loading HuggingFace model: zai-org/GLM-ASR-Nano-2512
Creating Triton model with config:
  Audio: hidden=1280, heads=20, layers=32
  Text: hidden=2048, heads=16, kv_heads=4, layers=28
Loading HuggingFace weights...

Loading weights:   0%|          | 0/745 [00:00<?, ?it/s]
Loading weights:  13%|█▎        | 100/745 [00:00<00:00, 901.26it/s]
Loading weights:  26%|██▌       | 191/745 [00:00<00:00, 871.26it/s]
Loading weights:  37%|███▋      | 279/745 [00:00<00:00, 851.77it/s]
Loading weights:  49%|████▉     | 365/745 [00:00<00:00, 847.96it/s]
Loading weights:  60%|██████    | 450/745 [00:00<00:00, 812.80it/s]
Loading weights:  71%|███████▏  | 532/745 [00:01<00:00, 278.56it/s]
Loading weights:  79%|███████▉  | 590/745 [00:01<00:00, 215.01it/s]
Loading weights:  85%|████████▍ | 633/745 [00:01<00:00, 203.05it/s]
Loading weights:  90%|████████▉ | 668/745 [00:02<00:00, 182.34it/s]
Loading weights:  93%|█████████▎| 696/745 [00:02<00:00, 175.55it/s]
Loading weights:  97%|█████████▋| 720/745 [00:02<00:00, 165.47it/s]
Loading weights:  99%|█████████▉| 741/745 [00:02<00:00, 161.15it/s]
Loading weights: 100%|██████████| 745/745 [00:02<00:00, 269.39it/s]
Loading audio encoder weights...
Loading multi-modal projector weights...
Loading text decoder weights...
Weight loading complete!
Using generate function: _generate_v8b
Warmup (2 runs)...
Benchmarking (5 runs)...
  Run 1: 212.4ms (13 tokens)
  Run 2: 215.3ms (13 tokens)
  Run 3: 217.1ms (13 tokens)
  Run 4: 212.7ms (13 tokens)
  Run 5: 211.3ms (13 tokens)

======================================================================
BENCHMARK PASS 4/4 (measured 3/3)
======================================================================
Loading model from glm_asr_triton_template...
Attention mode: auto
Loading HuggingFace model: zai-org/GLM-ASR-Nano-2512
Creating Triton model with config:
  Audio: hidden=1280, heads=20, layers=32
  Text: hidden=2048, heads=16, kv_heads=4, layers=28
Loading HuggingFace weights...

Loading weights:   0%|          | 0/745 [00:00<?, ?it/s]
Loading weights:  19%|█▉        | 143/745 [00:00<00:00, 1421.14it/s]
Loading weights:  38%|███▊      | 286/745 [00:00<00:00, 1035.50it/s]
Loading weights:  53%|█████▎    | 396/745 [00:00<00:00, 955.02it/s] 
Loading weights:  66%|██████▋   | 495/745 [00:01<00:00, 340.58it/s]
Loading weights:  75%|███████▌  | 561/745 [00:01<00:00, 298.75it/s]
Loading weights:  82%|████████▏ | 611/745 [00:01<00:00, 243.53it/s]
Loading weights:  87%|████████▋ | 649/745 [00:02<00:00, 209.75it/s]
Loading weights:  91%|█████████ | 679/745 [00:02<00:00, 188.40it/s]
Loading weights:  94%|█████████▍| 704/745 [00:02<00:00, 183.66it/s]
Loading weights:  97%|█████████▋| 726/745 [00:02<00:00, 166.64it/s]
Loading weights: 100%|██████████| 745/745 [00:02<00:00, 278.71it/s]
Loading audio encoder weights...
Loading multi-modal projector weights...
Loading text decoder weights...
Weight loading complete!
Using generate function: _generate_v8b
Warmup (2 runs)...
Benchmarking (5 runs)...
  Run 1: 208.7ms (13 tokens)
  Run 2: 209.0ms (13 tokens)
  Run 3: 210.1ms (13 tokens)
  Run 4: 207.9ms (13 tokens)
  Run 5: 208.8ms (13 tokens)

======================================================================
AGGREGATED RESULTS (3 measured benchmark passes, 1 warmup discarded)
======================================================================
Time: 210.9ms (+/- 2.1ms)
Tokens: 13
Speed: 16.23ms/token

Transcription: Concord returned to its place amidst the tents.

Accuracy: 100.0%
Status: PASS
