======================================================================
GLM-ASR Detailed Operator Profiling
======================================================================

Loading test audio...
Audio: 3.50s @ 16000Hz

Loading model from glm_asr_triton_template...
Attention mode: three_kernel
Loading HuggingFace model: zai-org/GLM-ASR-Nano-2512
Creating Triton model with config:
  Audio: hidden=1280, heads=20, layers=32
  Text: hidden=2048, heads=16, kv_heads=4, layers=28
Loading HuggingFace weights...
Loading weights:   0%|          | 0/745 [00:00<?, ?it/s]Loading weights:   9%|▉         | 68/745 [00:00<00:01, 599.41it/s]Loading weights:  17%|█▋        | 130/745 [00:00<00:01, 592.46it/s]Loading weights:  26%|██▌       | 190/745 [00:00<00:00, 591.92it/s]Loading weights:  34%|███▎      | 250/745 [00:00<00:00, 558.22it/s]Loading weights:  42%|████▏     | 310/745 [00:00<00:00, 567.93it/s]Loading weights:  49%|████▉     | 367/745 [00:00<00:00, 567.55it/s]Loading weights:  57%|█████▋    | 424/745 [00:00<00:00, 560.47it/s]Loading weights:  65%|██████▍   | 481/745 [00:00<00:00, 562.86it/s]Loading weights:  72%|███████▏  | 538/745 [00:01<00:01, 195.47it/s]Loading weights:  78%|███████▊  | 580/745 [00:01<00:00, 175.44it/s]Loading weights:  82%|████████▏ | 613/745 [00:02<00:00, 169.29it/s]Loading weights:  86%|████████▌ | 641/745 [00:02<00:00, 164.89it/s]Loading weights:  89%|████████▉ | 665/745 [00:02<00:00, 154.90it/s]Loading weights:  92%|█████████▏| 686/745 [00:02<00:00, 158.39it/s]Loading weights:  95%|█████████▍| 706/745 [00:02<00:00, 146.88it/s]Loading weights:  97%|█████████▋| 724/745 [00:02<00:00, 151.14it/s]Loading weights:  99%|█████████▉| 741/745 [00:02<00:00, 152.88it/s]Loading weights: 100%|██████████| 745/745 [00:03<00:00, 246.62it/s]
Warning: You are sending unauthenticated requests to the HF Hub. Please set a HF_TOKEN to enable higher rate limits and faster downloads.
Loading audio encoder weights...
Loading multi-modal projector weights...
Loading text decoder weights...
Weight loading complete!

Benchmark configuration: 5 timed runs per component, 1 warmup benchmark passes, 3 measured benchmark passes
Input features shape: torch.Size([1, 128, 3000])
Input IDs shape: torch.Size([1, 59])

======================================================================
BENCHMARK PASS 1/4 (warmup, discarded)
======================================================================

======================================================================
DETAILED OPERATOR PROFILING (TORCH)
======================================================================

[1/4] Profiling Audio Encoder...
  Audio Encoder: 257.91ms (+/- 443.57ms)

[2/4] Profiling Multi-modal Projector...
  Projector: 4.77ms (+/- 9.23ms)

[3/4] Profiling Text Decoder (Prefill)...
  Decoder Prefill: 189.49ms (+/- 352.44ms)

[4/4] Profiling Decode Steps...
  Decode Step (avg): 13.47ms (+/- 4.13ms)

[5] Profiling Individual Decoder Layers...
  Layer 0: 0.57ms (+/- 0.12ms)
  Layer 1: 0.48ms (+/- 0.02ms)
  Layer 2: 0.48ms (+/- 0.02ms)
  Layer 3: 0.47ms (+/- 0.01ms)
  Layer 4: 0.49ms (+/- 0.02ms)

======================================================================
BENCHMARK PASS 2/4 (measured 1/3)
======================================================================

======================================================================
DETAILED OPERATOR PROFILING (TORCH)
======================================================================

[1/4] Profiling Audio Encoder...
  Audio Encoder: 36.21ms (+/- 0.21ms)

[2/4] Profiling Multi-modal Projector...
  Projector: 0.15ms (+/- 0.03ms)

[3/4] Profiling Text Decoder (Prefill)...
  Decoder Prefill: 12.98ms (+/- 0.14ms)

[4/4] Profiling Decode Steps...
  Decode Step (avg): 11.57ms (+/- 0.08ms)

[5] Profiling Individual Decoder Layers...
  Layer 0: 0.49ms (+/- 0.03ms)
  Layer 1: 0.48ms (+/- 0.02ms)
  Layer 2: 0.48ms (+/- 0.02ms)
  Layer 3: 0.47ms (+/- 0.01ms)
  Layer 4: 0.56ms (+/- 0.11ms)

======================================================================
BENCHMARK PASS 3/4 (measured 2/3)
======================================================================

======================================================================
DETAILED OPERATOR PROFILING (TORCH)
======================================================================

[1/4] Profiling Audio Encoder...
  Audio Encoder: 36.17ms (+/- 0.03ms)

[2/4] Profiling Multi-modal Projector...
  Projector: 0.15ms (+/- 0.03ms)

[3/4] Profiling Text Decoder (Prefill)...
  Decoder Prefill: 13.65ms (+/- 0.23ms)

[4/4] Profiling Decode Steps...
  Decode Step (avg): 12.17ms (+/- 0.06ms)

[5] Profiling Individual Decoder Layers...
  Layer 0: 0.51ms (+/- 0.03ms)
  Layer 1: 0.50ms (+/- 0.03ms)
  Layer 2: 0.50ms (+/- 0.02ms)
  Layer 3: 0.50ms (+/- 0.03ms)
  Layer 4: 0.49ms (+/- 0.03ms)

======================================================================
BENCHMARK PASS 4/4 (measured 3/3)
======================================================================

======================================================================
DETAILED OPERATOR PROFILING (TORCH)
======================================================================

[1/4] Profiling Audio Encoder...
  Audio Encoder: 36.15ms (+/- 0.03ms)

[2/4] Profiling Multi-modal Projector...
  Projector: 0.14ms (+/- 0.03ms)

[3/4] Profiling Text Decoder (Prefill)...
  Decoder Prefill: 13.44ms (+/- 0.17ms)

[4/4] Profiling Decode Steps...
  Decode Step (avg): 11.74ms (+/- 0.13ms)

[5] Profiling Individual Decoder Layers...
  Layer 0: 0.49ms (+/- 0.04ms)
  Layer 1: 0.48ms (+/- 0.02ms)
  Layer 2: 0.48ms (+/- 0.02ms)
  Layer 3: 0.48ms (+/- 0.01ms)
  Layer 4: 0.47ms (+/- 0.02ms)

======================================================================
AGGREGATED PERFORMANCE SUMMARY (3 measured benchmarks, 1 warmup discarded)
======================================================================

Component                              Time (ms)   % of Total
------------------------------------------------------------
Audio Encoder                            36.18ms        5.6%
Multi-modal Projector                     0.15ms        0.0%
Decoder (Prefill)                        13.36ms        2.1%
Decoder (50 decode steps)               591.41ms       92.3%
------------------------------------------------------------
TOTAL (estimated for 50 tokens)         641.09ms
