WARNING: Device-side CUDA Event completion trace is currently enabled.
         This may increase runtime overhead and the likelihood of false
         dependencies across CUDA Streams. If you wish to avoid this, please
         disable the feature with --cuda-event-trace=false.
WARNING: CPU IP/backtrace sampling not supported, disabling.
Try the 'nsys status --environment' command to learn more.

WARNING: CPU context switch tracing not supported, disabling.
Try the 'nsys status --environment' command to learn more.

Traceback (most recent call last):
  File "/home/s2795895/mls_repo/edin-mls-26-spring/hw1-asr/benchmark_student.py", line 612, in main
    results = benchmark_triton_folder(folder, audio_array, args.warmup, args.runs)
              ^^^^^^^^^^^^^^^^^^^^^^^^^^^^^^^^^^^^^^^^^^^^^^^^^^^^^^^^^^^^^^^^^^^^
  File "/home/s2795895/mls_repo/edin-mls-26-spring/hw1-asr/benchmark_student.py", line 285, in benchmark_triton_folder
    import torch
ModuleNotFoundError: No module named 'torch'
SKIPPED: /home/s2795895/mls_repo/edin-mls-26-spring/hw1-asr/profile_template2.sqlite does not contain NV Tools Extension (NVTX) data.
SKIPPED: /home/s2795895/mls_repo/edin-mls-26-spring/hw1-asr/profile_template2.sqlite does not contain CUDA trace data.
SKIPPED: /home/s2795895/mls_repo/edin-mls-26-spring/hw1-asr/profile_template2.sqlite does not contain CUDA kernel data.
SKIPPED: /home/s2795895/mls_repo/edin-mls-26-spring/hw1-asr/profile_template2.sqlite does not contain GPU memory data.
SKIPPED: /home/s2795895/mls_repo/edin-mls-26-spring/hw1-asr/profile_template2.sqlite does not contain GPU memory data.
